// Jest Snapshot v1, https://goo.gl/fbAQLP

exports[`Buttons match snapshot 1`] = `
<DocumentFragment>
  <div>
    <div
      class="sc-bkzZxe cCSXVi"
    >
      <div
        class="sc-idOhPF bNiliF"
      >
        <h1>
          Normal
        </h1>
      </div>
      <div
        class="sc-idOhPF bNiliF"
      >
        <h1>
          Small
        </h1>
      </div>
      <div
        class="sc-idOhPF bNiliF"
      >
        <h1>
          Disabled
        </h1>
      </div>
    </div>
    <div
      class="sc-bkzZxe cCSXVi"
    >
      <div
        class="sc-idOhPF bNiliF"
      >
        <button
          class="sc-gsTCUz fqsqVY"
          type="button"
        >
          Primary CTA
        </button>
      </div>
      <div
        class="sc-idOhPF bNiliF"
      >
        <button
          class="sc-gsTCUz CavRW"
          type="button"
        >
          Primary CTA
        </button>
      </div>
      <div
        class="sc-idOhPF bNiliF"
      >
        <button
          class="sc-gsTCUz fqsqVY"
          disabled=""
          type="button"
        >
          Primary CTA
        </button>
      </div>
    </div>
    <div
      class="sc-bkzZxe cCSXVi"
    >
      <div
        class="sc-idOhPF bNiliF"
      >
        <button
          class="sc-dlfnbm jcNQPz"
          type="button"
        >
          Secondary CTA
        </button>
      </div>
      <div
        class="sc-idOhPF bNiliF"
      >
        <button
          class="sc-dlfnbm dniwLl"
          type="button"
        >
          Secondary CTA
        </button>
      </div>
      <div
        class="sc-idOhPF bNiliF"
      >
        <button
          class="sc-dlfnbm jcNQPz"
          disabled=""
          type="button"
        >
          Secondary CTA
        </button>
      </div>
    </div>
    <div
      class="sc-bkzZxe cCSXVi"
    >
      <div
        class="sc-idOhPF bNiliF"
      >
        <button
          class="sc-bdfBwQ dqbUOJ"
          type="button"
        >
          Tertiary CTA
        </button>
      </div>
      <div
        class="sc-idOhPF bNiliF"
      >
        <button
          class="sc-bdfBwQ bwgKGH"
          type="button"
        >
          Tertiary CTA
        </button>
      </div>
      <div
        class="sc-idOhPF bNiliF"
      >
        <button
          class="sc-bdfBwQ dqbUOJ"
          disabled=""
          type="button"
        >
          Tertiary CTA
        </button>
      </div>
    </div>
    <div
      class="sc-bkzZxe cCSXVi"
      style="background-color: rgb(85, 85, 85); padding: 2rem 0px;"
    >
      <div
        class="sc-idOhPF bNiliF"
      >
        <button
          class="sc-bdfBwQ jjkZJw"
          type="button"
        >
          Tertiary(L) CTA
        </button>
      </div>
      <div
        class="sc-idOhPF bNiliF"
      >
        <button
          class="sc-bdfBwQ WykZK"
          type="button"
        >
          Tertiary(L) CTA
        </button>
      </div>
      <div
        class="sc-idOhPF bNiliF"
      >
        <button
          class="sc-bdfBwQ jjkZJw"
          disabled=""
          type="button"
        >
          Tertiary(L) CTA
        </button>
      </div>
    </div>
  </div>
</DocumentFragment>
`;
