// Jest Snapshot v1, https://goo.gl/fbAQLP

exports[`Buttons match snapshot 1`] = `
<DocumentFragment>
  <div>
    <div
      class="sc-hKgILt kOnUUT"
    >
      <div
        class="sc-eCssSg UJUKX"
      >
        <h1>
          Normal
        </h1>
      </div>
      <div
        class="sc-eCssSg UJUKX"
      >
        <h1>
          Small
        </h1>
      </div>
      <div
        class="sc-eCssSg UJUKX"
      >
        <h1>
          Disabled
        </h1>
      </div>
    </div>
    <div
      class="sc-hKgILt kOnUUT"
    >
      <div
        class="sc-eCssSg UJUKX"
      >
        <button
          class="sc-gsTCUz lbHrva"
          type="button"
        >
          Primary CTA
        </button>
      </div>
      <div
        class="sc-eCssSg UJUKX"
      >
        <button
          class="sc-gsTCUz cLggcv"
          type="button"
        >
          Primary CTA
        </button>
      </div>
      <div
        class="sc-eCssSg UJUKX"
      >
        <button
          class="sc-gsTCUz lbHrva"
          disabled=""
          type="button"
        >
          Primary CTA
        </button>
      </div>
    </div>
    <div
      class="sc-hKgILt kOnUUT"
    >
      <div
        class="sc-eCssSg UJUKX"
      >
        <button
          class="sc-dlfnbm cPvlns"
          type="button"
        >
          Secondary CTA
        </button>
      </div>
      <div
        class="sc-eCssSg UJUKX"
      >
        <button
          class="sc-dlfnbm gEvNgN"
          type="button"
        >
          Secondary CTA
        </button>
      </div>
      <div
        class="sc-eCssSg UJUKX"
      >
        <button
          class="sc-dlfnbm cPvlns"
          disabled=""
          type="button"
        >
          Secondary CTA
        </button>
      </div>
    </div>
    <div
      class="sc-hKgILt kOnUUT"
    >
      <div
        class="sc-eCssSg UJUKX"
      >
        <button
          class="sc-bdfBwQ hEeSaj"
          type="button"
        >
          Tertiary CTA
        </button>
      </div>
      <div
        class="sc-eCssSg UJUKX"
      >
        <button
          class="sc-bdfBwQ fffBxK"
          type="button"
        >
          Tertiary CTA
        </button>
      </div>
      <div
        class="sc-eCssSg UJUKX"
      >
        <button
          class="sc-bdfBwQ hEeSaj"
          disabled=""
          type="button"
        >
          Tertiary CTA
        </button>
      </div>
    </div>
    <div
      class="sc-hKgILt kOnUUT"
      style="background-color: rgb(85, 85, 85); padding: 2rem 0px;"
    >
      <div
        class="sc-eCssSg UJUKX"
      >
        <button
          class="sc-bdfBwQ gjRXiy"
          type="button"
        >
          Tertiary(L) CTA
        </button>
      </div>
      <div
        class="sc-eCssSg UJUKX"
      >
        <button
          class="sc-bdfBwQ kAgtaX"
          type="button"
        >
          Tertiary(L) CTA
        </button>
      </div>
      <div
        class="sc-eCssSg UJUKX"
      >
        <button
          class="sc-bdfBwQ gjRXiy"
          disabled=""
          type="button"
        >
          Tertiary(L) CTA
        </button>
      </div>
    </div>
  </div>
</DocumentFragment>
`;
